src/controllers/application.controller.ts(11,1): error TS1109: Expression expected.
src/controllers/application.controller.ts(11,3): error TS1434: Unexpected keyword or identifier.
